
> frontend@0.0.0 build
> tsc -b && vite build

src/pages/Dashboard.tsx(4,19): error TS1484: 'BugEntry' is a type and must be imported using a type-only import when 'verbatimModuleSyntax' is enabled.
